[noahspets.online/index.html]
[external.html]
[backblue.gif]
[fade.gif]
[index.html]
[noahspets.online/worker.js]
[cdn.dotpe.in/longtail/store-logo/5882897/VpJwAltd.jpg]
[noahspets.online/api/manifest1886.json]
[noahspets.online/_next/static/css/ceebcdd8bff49d8e61c9.css]
[noahspets.online/_next/static/css/3dd27d69f51e892a6100.css]
[noahspets.online/_next/static/chunks/webpack-fe4b4968ddeab099efef.js]
[noahspets.online/_next/static/chunks/main-33f7f4a48d96963ff147.js]
[noahspets.online/_next/static/chunks/framework-86619022c345fe9dc9d5.js]
[noahspets.online/_next/static/chunks/pages/_app-626f0b337fa2e425f846.js]
[noahspets.online/_next/static/chunks/906a09f8-002ebe881fb8b320c1fc.js]
[noahspets.online/_next/static/chunks/486-f2a9fe71dbd6cb5ad5a0.js]
[noahspets.online/_next/static/chunks/pages/index-b5a8e3dbe54979f89b99.js]
[noahspets.online/_next/static/chunks/2086-02fdcfd855cd96a58962.js]
[noahspets.online/assets/icons/whatsapp.svg]
[noahspets.online/assets/icons/user.svg]
[noahspets.online/assets/images/cancel.png]
[noahspets.online/_next/image35b2.png]
[noahspets.online/_next/static/chunks/polyfills-6e054d56079d4b93ebe8.js]
[noahspets.online/_next/static/lKdlc62juje3KdmGrEDrs/_buildManifest.js]
[noahspets.online/_next/static/lKdlc62juje3KdmGrEDrs/_ssgManifest.js]
[noahspets.online/index.html]
[fonts.gstatic.com/index.html]
[www.googletagmanager.com/gtm5445.html]
[noahspets.online/_next/static/css/ceebcdd8bff49d8e61c9.css]
[noahspets.online/_next/static/css/3dd27d69f51e892a6100.css]
[noahspets.online/assets/icons/search.svg]
[noahspets.online/assets/icons/whatsapp.svg]
[noahspets.online/assets/icons/shopping-cart.svg]
[noahspets.online/assets/icons/user.svg]
